// Jest Snapshot v1, https://goo.gl/fbAQLP

exports[`From Modal test Form Modal renders correctly -- close 1`] = `
<body>
  <div />
</body>
`;
